---
source: crates/dwall/src/domain/visual/color_scheme.rs
expression: results
---
[
  [
    0.0,
    -4.5
  ],
  [
    10.0,
    -5.138297872340425
  ],
  [
    23.5,
    -6.0
  ],
  [
    35.0,
    -6.0
  ],
  [
    45.0,
    -6.0
  ],
  [
    60.0,
    -7.5
  ],
  [
    66.5,
    -7.803752793224262
  ],
  [
    80.0,
    -10.297872340425531
  ],
  [
    90.0,
    -12.0
  ]
]
