---
source: crates/dwall/src/config.rs
expression: config
---
{
  "title_bar_color_follows_windows_theme": false,
  "image_format": "jpeg",
  "position_source": {
    "type": "AUTOMATIC",
    "update_on_each_calculation": false,
    "cache_minutes": 30
  },
  "auto_detect_color_scheme": true,
  "lock_screen_wallpaper_enabled": true,
  "themes_directory": "C:\\Users\\wzl03\\AppData\\Roaming\\dwall\\themes",
  "customized_themes_directory": "C:\\Users\\wzl03\\AppData\\Roaming\\dwall\\customize",
  "monitor_specific_wallpapers": {},
  "interval": 15
}
